// Jest Snapshot v1, https://goo.gl/fbAQLP

exports[`Location page should render correctly in mode 1`] = `
<BrowserRouter>
  <Switch>
    <Route
      exact={true}
      path="/locationpage"
      render={[Function]}
    />
  </Switch>
</BrowserRouter>
`;
